---
title: 仔羊ルーターに5-STABLEをいれる
tags: freebsd, router, tech
---
イベント等に何かと便利な<a href="http://www.wildlab.com/">仔羊ルーター</a>君ですが、
ずっとFreeBSD 4-STABLEで使ってたんだけど、
pfとか使いたくなったんでFreeBSD 5-STABLEにあげることにする。

やったこと(あんまり親切に説明してないです)。

- ノートPCにマイクロドライブを差す
- sysinstallでディスクのfdiskとdisklabel切り直し
- ノートPCの適当な場所にマウント(ここでは /a とする)
- FreeBSD 5.5-BETA1のbase/base.?? を/a以下にインストール
- boot0cfg -b /boot/boot0sio adほげ でコンソールブートするようにする
- /a/boot/loader.conf.local に<a href="https://gist.github.com/sumikawa/bc8a943cc9d5b9471c5cceb4d5045c23">これ</a>を置く
- /a/etc/ttys に<a href="https://gist.github.com/sumikawa/4b5d0c4fc8a45a94574cd367fc044b73">パッチ</a>をあてる
- /a/etc/fstabを適当に書く。僕はパーティション切らなかったので<a href="https://gist.github.com/sumikawa/46ea6c2eebfcb062ba90940326ee8727">これ</a>

で、ブートするかと思います。以下がdmesgの結果。

<pre class="terminal">
Copyright (c) 1992-2006 The FreeBSD Project.
Copyright (c) 1979, 1980, 1983, 1986, 1988, 1989, 1991, 1992, 1993, 1994
        The Regents of the University of California. All rights reserved.
FreeBSD 5.5-PRERELEASE #2: Fri Feb 24 09:59:46 JST 2006
    sumikawa@prince.don.to:/usr/local/src/5-stable/src/sys/i386/compile/LAMB
Timecounter "i8254" frequency 1193182 Hz quality 0
CPU: AMD Enhanced Am486DX4/Am5x86 Write-Back (486-class CPU)
  Origin = "AuthenticAMD"  Id = 0x494  Stepping = 4
  Features=0x1<FPU>
real memory  = 33554432 (32 MB)
avail memory = 27668480 (26 MB)
npx0: <math processor> on motherboard
npx0: INT 16 interface
cpu0 on motherboard
isa0: <ISA bus> on motherboard
ata0 at port 0x3f6,0x1f0-0x1f7 irq 14 on isa0
atkbdc0: <Keyboard controller (i8042)> at port 0x64,0x60 on isa0
atkbd0: <AT Keyboard> irq 1 on atkbdc0
kbd0 at atkbd0
ed0 at port 0x300-0x31f iomem 0xd8000-0xdbfff irq 10 on isa0
ed0: Ethernet address: 00:30:f5:01:7a:01
ed0: if_start running deferred for Giant
ed0: type NE2000 (16 bit)
ed1 at port 0x200-0x21f irq 3 on isa0
ed1: Ethernet address: 00:30:f5:01:7a:00
ed1: if_start running deferred for Giant
ed1: type NE2000 (16 bit)
ppc0: <Parallel port> at port 0x378-0x37f irq 7 on isa0
ppc0: Generic chipset (NIBBLE-only) in COMPATIBLE mode
ppbus0: <Parallel port bus> on ppc0
lpt0: <Printer> on ppbus0
lpt0: Interrupt-driven port
sio0 at port 0x3f8-0x3ff irq 4 flags 0x10 on isa0
sio0: type 16550A, console
Timecounters tick every 10.000 msec
ad0: 1027MB <IBM-DSCM-11000/SC2IC915> [2088/16/63] at ata0-master PIO3
Mounting root from ufs:/dev/ad0s1a
</pre>

最適化したカーネルを作りたいときはコンフィグは<a href="https://gist.github.com/sumikawa/ae481d73144ca1046ae2cb8e38d92a0e">これ</a>。
